// Jest Snapshot v1, https://goo.gl/fbAQLP

exports[`example-content-asset-url default snapshot 1`] = `
<example-content-asset-url>
  #shadow-root(open)
    <p
      class="mockedAsset"
    >
      value set in test
    </p>
    <p
      class="unmockedAsset"
    >
      unmocked
    </p>
</example-content-asset-url>
`;
