// Jest Snapshot v1, https://goo.gl/fbAQLP

exports[`example-resource-url default snapshot 1`] = `
<example-resource-url>
  #shadow-root(open)
    <p
      class="mockedResource"
    >
      value set in test
    </p>
    <p
      class="unmockedResource"
    >
      unmocked
    </p>
</example-resource-url>
`;
