// Jest Snapshot v1, https://goo.gl/fbAQLP

exports[`example-foo should render correct snapshot 1`] = `
<example-foo>
  #shadow-root(open)
    <p>
      example-foo
    </p>
    <div
      class="fooClass"
    >
      Hi from 
      foo
    </div>
    <example-foo-inner>
      #shadow-root(open)
        <p
          class="exampleFooInner"
        >
          example-foo-inner
        </p>
        <slot />
      <div>
        Passed Element
      </div>
    </example-foo-inner>
    <other-bar>
      #shadow-root(open)
        <p
          class="otherBar"
        >
          other-bar
        </p>
    </other-bar>
</example-foo>
`;
