// Jest Snapshot v1, https://goo.gl/fbAQLP

exports[`example-labels default snapshot 1`] = `
<example-labels>
  #shadow-root(open)
    <p
      class="mockedLabel"
    >
      value set in test
    </p>
    <p
      class="unmockedLabel"
    >
      c.unmocked
    </p>
</example-labels>
`;
