// Jest Snapshot v1, https://goo.gl/fbAQLP

exports[`example-foo-inner default snapshot 1`] = `
<example-foo-inner>
  #shadow-root(open)
    <p
      class="exampleFooInner"
    >
      example-foo-inner
    </p>
    <slot />
</example-foo-inner>
`;
