// Jest Snapshot v1, https://goo.gl/fbAQLP

exports[`performance-timing captures all lifecycle hooks 1`] = `"<ROOT>"`;

exports[`performance-timing captures component constructor 1`] = `"<ROOT>"`;

exports[`performance-timing captures error callback 1`] = `"<ROOT>"`;

exports[`performance-timing captures nested component tree 1`] = `"<ROOT>"`;

exports[`performance-timing recovers from errors 1`] = `"<ROOT>"`;

exports[`performance-timing skips parent measurement when children component props change 1`] = `"<ROOT>"`;
